°§ ‘À–– 20261003-204726-2027øº—– ˝—ß-¥Û—©…Ó¬Ò-epsilon-delta«øªØøŒΩ≤“Â-¥Û—©…Ó¬Ò-e7c165
°§ job «Âµ• 18 Ãı£¨ ‰≥ˆµΩ D:\WorkSpace\pdf2epub\.pdf2epub\runs\20261003-204726-2027øº—– ˝—ß-¥Û—©…Ó¬Ò-epsilon-delta«øªØøŒΩ≤“Â-¥Û—©…Ó¬Ò-e7c165\parsing\extracted
°§ ¥˝»°ªÿ 18 ∆¨£∫c001 c002 c003 c004 c005 c006 c007 c008 c009 c010 c011 c012 c013 c014 c015 c016 c017 c018

[21:18:42] c001 “—»°ªÿ£®20 “≥£©
[21:19:02] c002 “—»°ªÿ£®20 “≥£©
[21:19:34] c003 “—»°ªÿ£®20 “≥£©
[21:20:00] c004 “—»°ªÿ£®20 “≥£©
[21:20:29] c005 “—»°ªÿ£®20 “≥£©
[21:20:44] c006 “—»°ªÿ£®20 “≥£©
[21:21:08] c007 “—»°ªÿ£®20 “≥£©
[21:21:08] c008 running 0/20 “≥
[21:21:31] c009 “—»°ªÿ£®20 “≥£©
[21:22:09] c010 “—»°ªÿ£®20 “≥£©
[21:22:29] c011 “—»°ªÿ£®20 “≥£©
[21:22:59] c012 “—»°ªÿ£®20 “≥£©
[21:23:38] c013 “—»°ªÿ£®20 “≥£©
[21:23:52] c014 “—»°ªÿ£®20 “≥£©
[21:24:04] c015 “—»°ªÿ£®20 “≥£©
[21:24:27] c016 “—»°ªÿ£®20 “≥£©
[21:24:46] c017 “—»°ªÿ£®20 “≥£©
[21:25:06] c018 “—»°ªÿ£®11 “≥£©
[21:25:11] c008 running 0/20 “≥
[21:25:16] c008 running 0/20 “≥
[21:25:21] c008 running 0/20 “≥
[21:25:27] c008 running 0/20 “≥
[21:25:32] c008 running 0/20 “≥
[21:25:37] c008 running 0/20 “≥
[21:25:42] c008 running 0/20 “≥
[21:25:47] c008 running 0/20 “≥
[21:25:52] c008 running 0/20 “≥
[21:25:57] c008 running 0/20 “≥
[21:26:02] c008 running 0/20 “≥
[21:26:07] c008 running 0/20 “≥
[21:26:12] c008 running 0/20 “≥
[21:26:17] c008 running 0/20 “≥
[21:26:22] c008 running 0/20 “≥
[21:26:27] c008 running 0/20 “≥
[21:26:33] c008 running 0/20 “≥
[21:26:38] c008 running 0/20 “≥
[21:26:43] c008 running 0/20 “≥
[21:26:48] c008 running 0/20 “≥
[21:26:53] c008 running 0/20 “≥
[21:26:58] c008 running 0/20 “≥
[21:27:03] c008 running 0/20 “≥
[21:27:08] c008 running 0/20 “≥
[21:27:13] c008 running 0/20 “≥
[21:27:18] c008 running 0/20 “≥
[21:27:23] c008 running 0/20 “≥
[21:27:28] c008 running 0/20 “≥
[21:27:33] c008 running 0/20 “≥
[21:27:38] c008 running 0/20 “≥
[21:27:43] c008 running 0/20 “≥
[21:27:49] c008 running 0/20 “≥
[21:27:54] c008 running 0/20 “≥
[21:27:59] c008 running 0/20 “≥
[21:28:04] c008 running 0/20 “≥
[21:28:09] c008 running 0/20 “≥
[21:28:14] c008 running 0/20 “≥
[21:28:19] c008 running 0/20 “≥
[21:28:26] c008 running 0/20 “≥
[21:28:31] c008 running 0/20 “≥
[21:28:36] c008 running 0/20 “≥
[21:28:41] c008 running 0/20 “≥
[21:28:46] c008 running 0/20 “≥
[21:28:51] c008 running 0/20 “≥
[21:28:56] c008 running 0/20 “≥
[21:29:01] c008 running 0/20 “≥
[21:29:11] c008 running 0/20 “≥
[21:29:16] c008 running 0/20 “≥
[21:29:21] c008 running 0/20 “≥
[21:29:26] c008 running 0/20 “≥
[21:29:32] c008 running 0/20 “≥
[21:29:37] c008 running 0/20 “≥
[21:29:42] c008 running 0/20 “≥
[21:29:47] c008 running 0/20 “≥
[21:29:52] c008 running 0/20 “≥
[21:29:57] c008 running 0/20 “≥
[21:30:02] c008 running 0/20 “≥
[21:30:07] c008 running 0/20 “≥
[21:30:12] c008 running 0/20 “≥
[21:30:17] c008 running 0/20 “≥
[21:30:22] c008 running 0/20 “≥
[21:30:27] c008 running 0/20 “≥
[21:30:32] c008 running 0/20 “≥
[21:30:41] c008 running 0/20 “≥
[21:30:46] c008 running 0/20 “≥
[21:30:52] c008 running 0/20 “≥
[21:30:57] c008 running 0/20 “≥
[21:31:02] c008 running 0/20 “≥
[21:31:07] c008 running 0/20 “≥
[21:31:12] c008 running 0/20 “≥
[21:31:17] c008 running 0/20 “≥
[21:31:22] c008 running 0/20 “≥
[21:31:27] c008 running 0/20 “≥
[21:31:32] c008 running 0/20 “≥
[21:31:37] c008 running 0/20 “≥
[21:31:42] c008 running 0/20 “≥
[21:31:47] c008 running 0/20 “≥
[21:31:52] c008 running 0/20 “≥
[21:31:57] c008 running 0/20 “≥
[21:32:03] c008 running 0/20 “≥
[21:32:08] c008 running 0/20 “≥
[21:32:13] c008 running 0/20 “≥
[21:32:18] c008 running 0/20 “≥
[21:32:23] c008 running 0/20 “≥
[21:32:28] c008 running 0/20 “≥
[21:32:33] c008 running 0/20 “≥
[21:32:38] c008 running 0/20 “≥
[21:32:43] c008 running 0/20 “≥
[21:32:48] c008 running 0/20 “≥
[21:32:53] c008 running 0/20 “≥
[21:32:58] c008 running 0/20 “≥
[21:33:03] c008 running 0/20 “≥
[21:33:08] c008 running 0/20 “≥
[21:33:13] c008 running 0/20 “≥
[21:33:19] c008 running 0/20 “≥
[21:33:24] c008 running 0/20 “≥
[21:33:29] c008 running 0/20 “≥
[21:33:34] c008 running 0/20 “≥
[21:33:39] c008 running 0/20 “≥
[21:33:44] c008 running 0/20 “≥
[21:33:49] c008 running 0/20 “≥
[21:33:54] c008 running 0/20 “≥
[21:33:59] c008 running 0/20 “≥
[21:34:04] c008 running 0/20 “≥
[21:34:09] c008 running 0/20 “≥
[21:34:14] c008 running 0/20 “≥
[21:34:19] c008 running 0/20 “≥
[21:34:24] c008 running 0/20 “≥
[21:34:29] c008 running 0/20 “≥
[21:34:34] c008 running 0/20 “≥
[21:34:40] c008 running 0/20 “≥
[21:34:45] c008 running 0/20 “≥
[21:34:50] c008 running 0/20 “≥
[21:34:55] c008 running 0/20 “≥
[21:35:00] c008 running 0/20 “≥
[21:35:05] c008 running 0/20 “≥
[21:35:10] c008 running 0/20 “≥
[21:35:15] c008 running 0/20 “≥
[21:35:20] c008 running 0/20 “≥
[21:35:25] c008 running 0/20 “≥
[21:35:30] c008 running 0/20 “≥
[21:35:35] c008 running 0/20 “≥
[21:35:40] c008 running 0/20 “≥
[21:35:45] c008 running 0/20 “≥
[21:35:50] c008 running 0/20 “≥
[21:35:55] c008 running 0/20 “≥
[21:36:01] c008 running 0/20 “≥
[21:36:06] c008 running 0/20 “≥
[21:36:11] c008 running 0/20 “≥
[21:36:16] c008 running 0/20 “≥
[21:36:21] c008 running 0/20 “≥
[21:36:26] c008 running 0/20 “≥
[21:36:31] c008 running 0/20 “≥
[21:36:36] c008 running 0/20 “≥
[21:36:41] c008 running 0/20 “≥
[21:36:46] c008 running 0/20 “≥
[21:36:51] c008 running 0/20 “≥
[21:36:56] c008 running 0/20 “≥
[21:37:01] c008 running 0/20 “≥
[21:37:06] c008 running 0/20 “≥
[21:37:11] c008 running 0/20 “≥
[21:37:17] c008 running 0/20 “≥
[21:37:22] c008 running 0/20 “≥
[21:37:27] c008 running 0/20 “≥
[21:37:32] c008 running 0/20 “≥
[21:37:42] c008 running 0/20 “≥
[21:37:47] c008 running 0/20 “≥
[21:37:52] c008 running 0/20 “≥
[21:37:57] c008 running 0/20 “≥
[21:38:02] c008 running 0/20 “≥
[21:38:07] c008 running 0/20 “≥
[21:38:12] c008 running 0/20 “≥
[21:38:17] c008 running 0/20 “≥
[21:38:22] c008 running 0/20 “≥
[21:38:27] c008 running 0/20 “≥
[21:38:32] c008 running 0/20 “≥
[21:38:37] c008 running 0/20 “≥
[21:38:43] c008 running 0/20 “≥
[21:38:48] c008 running 0/20 “≥
[21:38:53] c008 running 0/20 “≥
